Microchip MPLAB XC8 Compiler V2.36

Linker command line:

-W-3 --edf=C:\Program Files\Microchip\xc8\v2.36\pic\dat\en_msgs.txt -cn \
  -h+dist/default/production\pic_experiment_0.X.production.sym \
  --cmf=dist/default/production\pic_experiment_0.X.production.cmf -z \
  -Q12F629 -oC:\Users\eso\AppData\Local\Temp\xcAs1k0.4 \
  --defsym=__MPLAB_BUILD=1 \
  -Mdist/default/production/pic_experiment_0.X.production.map \
  --md=C:\Users\eso\AppData\Local\Temp\xcAs1k0.dat -E1 -ver=XC8 Compiler \
  --acfsm=1493 -ACODE=00h-03FEh -ASTRCODE=00h-03FEh \
  -ASTRING=00h-0FFhx3,0300h-03FEh -ACONST=00h-0FFhx3,0300h-03FEh \
  -AENTRY=00h-0FFhx3,0300h-03FEh -ABANK0=020h-05Dh -ARAM=020h-05Dh \
  -AABS1=020h-05Fh -ACOMMON=05Eh-05Fh -ASFR0=00h-01Fh -ASFR1=080h-0DDh \
  -ACONFIG=02007h-02007h -DCONFIG=2 -AIDLOC=02000h-02003h -DIDLOC=2 \
  -AEEDATA=00h-07Fh/02100h -peeprom_data=EEDATA -DEEDATA=2 -DCODE=2 \
  -DSTRCODE=2 -DSTRING=2 -DCONST=2 -DENTRY=2 \
  -preset_vec=00h,intentry,init,end_init -ppowerup=CODE -pcinit=CODE \
  -pfunctab=ENTRY -posccal=03FFh -k \
  C:\Users\eso\AppData\Local\Temp\xcAs1k0.o \
  dist/default/production\pic_experiment_0.X.production.o 

Object code version is 3.11

Machine type is 12F629



                Name                               Link     Load   Length Selector   Space Scale
C:\Users\eso\AppData\Local\Temp\xcAs1k0.o
                end_init                              0        0        1        0       0
                config                             2007     2007        1        0       4
                idloc                              2000     2000        4        0       5
dist/default/production\pic_experiment_0.X.production.o
                cinit                               3F8      3F8        7      7F0       0
                config                             2007     2007        1        0       4
                idloc                              2000     2000        4        0       5
                text6                                E8       E8       3F      1D0       0
                text5                                B1       B1       37      162       0
                text4                               127      127       E7      24E       0
                text3                                9C       9C       15      138       0
                text2                               2F8      2F8      100      5F0       0
                text1                                8C       8C        8      118       0
                maintext                            20E      20E       EA      41C       0
                cstackBANK0                          20       20       26       20       1
                clrtext                              94       94        8      128       0
                bssBANK0                             46       46       14       20       1
                strings                               1        1       62        2       0

TOTAL           Name                               Link     Load   Length     Space
        CLASS   CODE           
                end_init                              0        0        1         0
                cinit                               3F8      3F8        7         0
                text6                                E8       E8       3F         0
                text5                                B1       B1       37         0
                text4                               127      127       E7         0
                text3                                9C       9C       15         0
                text2                               2F8      2F8      100         0
                text1                                8C       8C        8         0
                maintext                            20E      20E       EA         0
                clrtext                              94       94        8         0

        CLASS   STRCODE        

        CLASS   STRING         
                strings                               1        1       62         0

        CLASS   CONST          

        CLASS   ENTRY          

        CLASS   BANK0          
                cstackBANK0                          20       20       26         1
                bssBANK0                             46       46       14         1

        CLASS   RAM            

        CLASS   ABS1           
                abs_s1                               5E       5E        2         1

        CLASS   COMMON         

        CLASS   SFR0           

        CLASS   SFR1           

        CLASS   CONFIG         
                config                             2007     2007        1         4

        CLASS   IDLOC          
                idloc                              2000     2000        4         5

        CLASS   EEDATA         

        CLASS   BANK1          

        CLASS   STACK          



SEGMENTS        Name                           Load    Length   Top    Selector   Space  Class     Delta

                reset_vec                      000000  000001  000001         0       0  CODE        2
                strings                        000001  000062  000063         2       0  STRING      2
                cstackBANK0                    000020  00003A  00005A        20       1  BANK0       1
                text1                          00008C  000008  000094       118       0  CODE        2
                clrtext                        000094  000008  00009C       128       0  CODE        2
                text3                          00009C  000015  0000B1       138       0  CODE        2
                text5                          0000B1  000037  0000E8       162       0  CODE        2
                text6                          0000E8  00003F  000127       1D0       0  CODE        2
                text4                          000127  0000E7  00020E       24E       0  CODE        2
                maintext                       00020E  0000EA  0002F8       41C       0  CODE        2
                text2                          0002F8  000100  0003F8       5F0       0  CODE        2
                cinit                          0003F8  000007  0003FF       7F0       0  CODE        2


UNUSED ADDRESS RANGES

        Name                Unused          Largest block    Delta
        BANK0            005A-005D              4           1
        CODE             0063-008B             29           2
        CONST            0063-008B             29           2
        EEDATA           2100-217F             80           2
        ENTRY            0063-008B             29           2
        RAM              005A-005D              4           1
        SFR0             0000-001F             20           1
        SFR1             0080-00DD             5E           1
        STRCODE          0063-008B             29           2
        STRING           0063-008B             29           2

                                  Symbol Table

_CMCON                                  (abs)        0019
_GPIO                                   (abs)        0005
_TRISIO                                 (abs)        0085
__Habs1                                 abs1         07FE
__Hbank0                                bank0        07FE
__Hbank1                                bank1        07FE
__HbssBANK0                             bssBANK0     07FE
__Hcinit                                cinit        03FF
__Hclrtext                              clrtext      07FE
__Hcode                                 code         07FE
__Hcommon                               common       07FE
__Hconfig                               config       2008
__HcstackBANK0                          cstackBANK0  07FE
__HcstackCOMMON                         cstackCOMMON 07FE
__Heeprom_data                          eeprom_data  0000
__Hend_init                             end_init     0001
__Hfunctab                              functab      0000
__Hidloc                                idloc        2004
__Hinit                                 init         0000
__Hintentry                             intentry     0000
__Hmaintext                             maintext     07FE
__Hosccal                               osccal       03FF
__Hpowerup                              powerup      0000
__Hram                                  ram          07FE
__Hreset_vec                            reset_vec    0000
__Hsfr0                                 sfr0         07FE
__Hsfr1                                 sfr1         07FE
__Hspace_0                              (abs)        07FE
__Hspace_1                              (abs)        07FE
__Hspace_2                              (abs)        07FE
__Hspace_3                              (abs)        0000
__Hspace_4                              (abs)        400F
__Hstack                                stack        07FE
__Hstrings                              strings      07FE
__Htext                                 text         07FE
__Labs1                                 abs1         07FE
__Lbank0                                bank0        07FE
__Lbank1                                bank1        07FE
__LbssBANK0                             bssBANK0     07FE
__Lcinit                                cinit        03F8
__Lclrtext                              clrtext      07FE
__Lcode                                 code         07FE
__Lcommon                               common       07FE
__Lconfig                               config       0000
__LcstackBANK0                          cstackBANK0  07FE
__LcstackCOMMON                         cstackCOMMON 07FE
__Leeprom_data                          eeprom_data  0000
__Lend_init                             end_init     0000
__Lfunctab                              functab      0000
__Lidloc                                idloc        0000
__Linit                                 init         0000
__Lintentry                             intentry     0000
__Lmaintext                             maintext     07FE
__Losccal                               osccal       03FF
__Lpowerup                              powerup      0000
__Lram                                  ram          07FE
__Lreset_vec                            reset_vec    0000
__Lsfr0                                 sfr0         07FE
__Lsfr1                                 sfr1         07FE
__Lspace_0                              (abs)        0000
__Lspace_1                              (abs)        0000
__Lspace_2                              (abs)        0000
__Lspace_3                              (abs)        0000
__Lspace_4                              (abs)        0000
__Lstack                                stack        07FE
__Lstrings                              strings      07FE
__Ltext                                 text         07FE
__S0                                    (abs)        03FF
__S1                                    (abs)        005A
__S3                                    (abs)        0000
___int_sp                               stack        07FE
___latbits                              (abs)        0000
___osccal_val                           osccal       03FF
___sp                                   stack        07FE
___stackhi                              (abs)        0000
___stacklo                              (abs)        0000
__end_of__initialization                cinit        03FD
__end_of__stringtab                     strings      0011
__end_of_bb_spi_write_reg16             text6        0127
__end_of_loc_segment_scroll             text4        020E
__end_of_main                           maintext     02F8
__end_of_max7219_blank_map_dotmtx_half  strings      0015
__end_of_max7219_custom_map_dotmtx_half strings      0059
__end_of_max7219_init                   text3        00B1
__end_of_max7219_prepare_string         text2        03F8
__end_of_max7219_send_raw               text5        00E8
__end_of_max7219_show_frame             text1        0094
__end_ofmain@animation                  strings      0063
__initialization                        cinit        03F8
__pbssBANK0                             bssBANK0     0046
__pcstackBANK0                          cstackBANK0  0020
__pcstackCOMMON                         cstackCOMMON 0000
__pmaintext                             maintext     020E
__pstrings                              strings      0001
__ptext1                                text1        008C
__ptext2                                text2        02F8
__ptext3                                text3        009C
__ptext4                                text4        0127
__ptext5                                text5        00B1
__ptext6                                text6        00E8
__stringbase                            strings      0010
__stringtab                             strings      0001
_bb_spi_write_reg16                     text6        00E8
_loc_segment_scroll                     text4        0127
_loc_seq                                bssBANK0     0046
_main                                   maintext     020E
_max7219_custom_map_dotmtx_half         strings      0015
_max7219_init                           text3        009C
_max7219_prepare_string                 text2        02F8
_max7219_send_raw                       text5        00B1
_max7219_show_frame                     text1        008C
bb_spi_write_reg16@SPICount             cstackBANK0  0025
bb_spi_write_reg16@SPIData              cstackBANK0  0023
bb_spi_write_reg16@data                 cstackBANK0  0020
btemp                                   (abs)        005E
clear_ram0                              clrtext      0094
end_of_initialization                   cinit        03FD
intlevel0                               functab      0000
intlevel1                               functab      0000
intlevel2                               functab      0000
intlevel3                               functab      0000
intlevel4                               functab      0000
intlevel5                               functab      0000
loc_segment_scroll@i                    cstackBANK0  003A
loc_segment_scroll@j                    cstackBANK0  003C
loc_segment_scroll@nchar                cstackBANK0  003B
loc_segment_scroll@not_last             cstackBANK0  0033
main@animation                          strings      0059
main@i                                  cstackBANK0  0045
main@j                                  cstackBANK0  0044
main@sequence                           cstackBANK0  0040
max7219_prepare_string@buff_pt          cstackBANK0  002D
max7219_prepare_string@i                cstackBANK0  002C
max7219_prepare_string@isFirst          cstackBANK0  0023
max7219_prepare_string@n                cstackBANK0  0022
max7219_prepare_string@offset           cstackBANK0  002B
max7219_prepare_string@p                cstackBANK0  0020
max7219_send_raw@data                   cstackBANK0  0030
max7219_send_raw@dig                    cstackBANK0  002E
max7219_send_raw@dig_incr               cstackBANK0  0031
max7219_send_raw@pos                    cstackBANK0  0026
reset_vec                               reset_vec    0000
start                                   init         0000
start_initialization                    cinit        03F8
wtemp0                                  (abs)        005E


MODULE INFORMATION

Module		Function		Class		Link	Load	Size
shared
		__stringtab    		STRING         	0001	0000	16
		_max7219_custom_map_dotmtx_half		STRING         	0015	0000	68
		_max7219_blank_map_dotmtx_half		STRING         	0000	0000	0
		__initialization		CODE           	03F8	0000	5
		main@animation 		STRING         	0059	0000	10

shared estimated size: 99

main.c
		_max7219_send_raw		CODE           	00B1	0000	55
		_loc_segment_scroll		CODE           	0127	0000	231
		_main          		CODE           	020E	0000	234
		_max7219_show_frame		CODE           	008C	0000	8
		_bb_spi_write_reg16		CODE           	00E8	0000	63
		_max7219_init  		CODE           	009C	0000	21
		_max7219_prepare_string		CODE           	02F8	0000	256

main.c estimated size: 868

